<testsuites id="" name="" tests="11" failures="0" skipped="0" errors="0" time="12.267148">
<testsuite name="Checkout.spec.ts" timestamp="2026-02-11T11:34:17.192Z" hostname="chromium" tests="11" failures="0" skipped="0" time="38.899" errors="0">
<testcase name="Checkout Functionality › TC001: Complete checkout with single item" classname="Checkout.spec.ts" time="4.711">
<system-out>
<![CDATA[
[[ATTACHMENT|../test-results/Checkout-Checkout-Function-b277c-e-checkout-with-single-item-chromium/trace.zip]]
]]>
</system-out>
</testcase>
<testcase name="Checkout Functionality › TC002: Complete checkout with multiple items" classname="Checkout.spec.ts" time="4.695">
<system-out>
<![CDATA[
[[ATTACHMENT|../test-results/Checkout-Checkout-Function-c375c-heckout-with-multiple-items-chromium/trace.zip]]
]]>
</system-out>
</testcase>
<testcase name="Checkout Functionality › TC003: Show error for missing first name" classname="Checkout.spec.ts" time="4.576">
<system-out>
<![CDATA[
[[ATTACHMENT|../test-results/Checkout-Checkout-Function-1bf59-rror-for-missing-first-name-chromium/trace.zip]]
]]>
</system-out>
</testcase>
<testcase name="Checkout Functionality › TC004: Show error for missing last name" classname="Checkout.spec.ts" time="4.615">
<system-out>
<![CDATA[
[[ATTACHMENT|../test-results/Checkout-Checkout-Function-0ae93-error-for-missing-last-name-chromium/trace.zip]]
]]>
</system-out>
</testcase>
<testcase name="Checkout Functionality › TC005: Show error for missing postal code" classname="Checkout.spec.ts" time="2.865">
<system-out>
<![CDATA[
[[ATTACHMENT|../test-results/Checkout-Checkout-Function-51064-ror-for-missing-postal-code-chromium/trace.zip]]
]]>
</system-out>
</testcase>
<testcase name="Checkout Functionality › TC006: Cancel checkout at step one" classname="Checkout.spec.ts" time="2.865">
<system-out>
<![CDATA[
[[ATTACHMENT|../test-results/Checkout-Checkout-Function-4992a-Cancel-checkout-at-step-one-chromium/trace.zip]]
]]>
</system-out>
</testcase>
<testcase name="Checkout Functionality › TC007: Cancel checkout at step two" classname="Checkout.spec.ts" time="2.887">
<system-out>
<![CDATA[
[[ATTACHMENT|../test-results/Checkout-Checkout-Function-4c16d-Cancel-checkout-at-step-two-chromium/trace.zip]]
]]>
</system-out>
</testcase>
<testcase name="Checkout Functionality › TC008: Display correct payment and shipping information" classname="Checkout.spec.ts" time="2.805">
<system-out>
<![CDATA[
[[ATTACHMENT|../test-results/Checkout-Checkout-Function-1ccaa-nt-and-shipping-information-chromium/trace.zip]]
]]>
</system-out>
</testcase>
<testcase name="Checkout Functionality › TC009: Navigate back home after order completion" classname="Checkout.spec.ts" time="2.926">
<system-out>
<![CDATA[
[[ATTACHMENT|../test-results/Checkout-Checkout-Function-c76df-home-after-order-completion-chromium/trace.zip]]
]]>
</system-out>
</testcase>
<testcase name="Checkout Functionality › TC010: Handle checkout with most expensive item" classname="Checkout.spec.ts" time="2.864">
<system-out>
<![CDATA[
[[ATTACHMENT|../test-results/Checkout-Checkout-Function-0a966-ut-with-most-expensive-item-chromium/trace.zip]]
]]>
</system-out>
</testcase>
<testcase name="Checkout Functionality › Checkout with test data from JSON › TC011: Invalid checkout data scenarios" classname="Checkout.spec.ts" time="3.09">
<system-out>
<![CDATA[
[[ATTACHMENT|../test-results/Checkout-Checkout-Function-921de-lid-checkout-data-scenarios-chromium/trace.zip]]
]]>
</system-out>
</testcase>
</testsuite>
</testsuites>